// Jest Snapshot v1, https://goo.gl/fbAQLP

exports[`DnsStack Snapshot 1`] = `
{
  "Parameters": {
    "BootstrapVersion": {
      "Default": "/cdk-bootstrap/hnb659fds/version",
      "Description": "Version of the CDK Bootstrap resources in this environment, automatically retrieved from SSM Parameter Store. [cdk:skip]",
      "Type": "AWS::SSM::Parameter::Value<String>",
    },
  },
  "Resources": {
    "reinventuseast1EFD7B614": {
      "Properties": {
        "HostedZoneId": "DUMMY",
        "Name": "reinvent.matthewbonig.com.",
        "Region": "us-east-1",
        "ResourceRecords": [
          "reinvent.matthewbonig.com-us-east-1.matthewbonig.com",
        ],
        "SetIdentifier": "us-east-1",
        "TTL": "1800",
        "Type": "CNAME",
      },
      "Type": "AWS::Route53::RecordSet",
    },
    "reinventuswest2DA5BCC88": {
      "Properties": {
        "HostedZoneId": "DUMMY",
        "Name": "reinvent.matthewbonig.com.",
        "Region": "us-west-2",
        "ResourceRecords": [
          "reinvent.matthewbonig.com-us-west-2.matthewbonig.com",
        ],
        "SetIdentifier": "us-west-2",
        "TTL": "1800",
        "Type": "CNAME",
      },
      "Type": "AWS::Route53::RecordSet",
    },
  },
  "Rules": {
    "CheckBootstrapVersion": {
      "Assertions": [
        {
          "Assert": {
            "Fn::Not": [
              {
                "Fn::Contains": [
                  [
                    "1",
                    "2",
                    "3",
                    "4",
                    "5",
                  ],
                  {
                    "Ref": "BootstrapVersion",
                  },
                ],
              },
            ],
          },
          "AssertDescription": "CDK bootstrap stack version 6 required. Please run 'cdk bootstrap' with a recent version of the CDK CLI.",
        },
      ],
    },
  },
}
`;
